// Jest Snapshot v1, https://goo.gl/fbAQLP

exports[`InstanceComponent should match the snapshot 1`] = `
<div>
  <div>
    CardComponent
  </div>
</div>
`;
