// Jest Snapshot v1, https://goo.gl/fbAQLP

exports[`LogoFranceConnectComponent should match the snapshot 1`] = `
<div>
  <img
    alt="marianne hexagonale franceconnect plus"
    src="SvgrURL"
  />
</div>
`;
