// Jest Snapshot v1, https://goo.gl/fbAQLP

exports[`InstanceCreatePage should match the snapshot 1`] = `
<div>
  <h1
    class="fr-col-12 fr-col-md-8"
  >
    Partners-form-createTitle-mock
  </h1>
  <div
    class="fr-col-12 fr-col-md-8 fr-py-6w fc-grey-border--full"
  >
    <div
      class="fr-col-offset-1 fr-col-10"
    >
      <div
        data-mockid="DTO2FormComponent"
      />
    </div>
  </div>
</div>
`;
