// Jest Snapshot v1, https://goo.gl/fbAQLP

exports[`ErrorPage should match the snapshot 1`] = `
<div>
  <div
    class="fr-container text-center fr-mt-8w"
  >
    <h1
      class="text-center"
    >
      Une erreur est survenue
    </h1>
    <h2
      class="text-center"
    >
      <span>
        Erreur
      </span>
    </h2>
    <p
      class="text-center"
    >
      Ceci est une erreur
    </p>
  </div>
</div>
`;
