// Jest Snapshot v1, https://goo.gl/fbAQLP

exports[`ServiceProviderReadPage should match the snapshot 1`] = `
<div>
  <div>
    <div
      class="fr-container fr-mt-3w"
    >
      <div>
        ServiceProviderHeaderComponent
      </div>
    </div>
  </div>
</div>
`;
