// Jest Snapshot v1, https://goo.gl/fbAQLP

exports[`ErrorPage should match the snapshot 1`] = `
<div
  class="container"
>
  <h1
    class="text-center"
  >
    Une erreur est survenue
  </h1>
  <h2
    class="text-center"
  >
    <span>
      Erreur
    </span>
  </h2>
  <p
    class="text-center"
  >
    Ceci est une erreur
  </p>
</div>
`;
