// Jest Snapshot v1, https://goo.gl/fbAQLP

exports[`AlertComponentV2 should match the snapshot with all optional values 1`] = `
<div>
  <div
    class="any-custom-class-mock fr-alert fr-alert--error fr-alert--md"
    data-testid="any-data-test-id-mock"
  >
    <h2
      class="fr-alert__title"
      data-testid="any-data-test-id-mock-title"
    >
      any-title-mock
    </h2>
    <p
      class="any-description-class-mock"
    >
      any-description-value-mock
    </p>
    <button
      class="fr-link--close fr-link"
      data-testid="any-data-test-id-mock-close-button"
      title="DSFR.alert.close.mock_value"
    >
      DSFR.alert.close.mock_value
    </button>
  </div>
</div>
`;

exports[`AlertComponentV2 should match the snapshot with default values 1`] = `
<div>
  <div
    class="fr-alert fr-alert--info fr-alert--md"
    data-testid="AlertComponentV2"
    role="alert"
  />
</div>
`;
