// Jest Snapshot v1, https://goo.gl/fbAQLP

exports[`UserPreferencesComponent should match the snapshot 1`] = `
<div>
  <div>
    UserPreferencesFormComponent
  </div>
</div>
`;
